Archive member included to satisfy reference by file (symbol)

/home/toki/stm32/gcc-arm-none-eabi-10.3-2021.10/bin/../lib/gcc/arm-none-eabi/10.3.1/../../../../arm-none-eabi/lib/thumb/v7e-m/nofp/libc.a(lib_a-exit.o)
                              /home/toki/stm32/gcc-arm-none-eabi-10.3-2021.10/bin/../lib/gcc/arm-none-eabi/10.3.1/../../../../arm-none-eabi/lib/thumb/v7e-m/nofp/crt0.o (exit)
/home/toki/stm32/gcc-arm-none-eabi-10.3-2021.10/bin/../lib/gcc/arm-none-eabi/10.3.1/../../../../arm-none-eabi/lib/thumb/v7e-m/nofp/libc.a(lib_a-impure.o)
                              /home/toki/stm32/gcc-arm-none-eabi-10.3-2021.10/bin/../lib/gcc/arm-none-eabi/10.3.1/../../../../arm-none-eabi/lib/thumb/v7e-m/nofp/libc.a(lib_a-exit.o) (_global_impure_ptr)
/home/toki/stm32/gcc-arm-none-eabi-10.3-2021.10/bin/../lib/gcc/arm-none-eabi/10.3.1/../../../../arm-none-eabi/lib/thumb/v7e-m/nofp/libc.a(lib_a-init.o)
                              /home/toki/stm32/gcc-arm-none-eabi-10.3-2021.10/bin/../lib/gcc/arm-none-eabi/10.3.1/../../../../arm-none-eabi/lib/thumb/v7e-m/nofp/crt0.o (__libc_init_array)
/home/toki/stm32/gcc-arm-none-eabi-10.3-2021.10/bin/../lib/gcc/arm-none-eabi/10.3.1/../../../../arm-none-eabi/lib/thumb/v7e-m/nofp/libc.a(lib_a-memset.o)
                              /home/toki/stm32/gcc-arm-none-eabi-10.3-2021.10/bin/../lib/gcc/arm-none-eabi/10.3.1/../../../../arm-none-eabi/lib/thumb/v7e-m/nofp/crt0.o (memset)
/home/toki/stm32/gcc-arm-none-eabi-10.3-2021.10/bin/../lib/gcc/arm-none-eabi/10.3.1/../../../../arm-none-eabi/lib/thumb/v7e-m/nofp/libc.a(lib_a-strlen.o)
                              out/main.o (strlen)
/home/toki/stm32/gcc-arm-none-eabi-10.3-2021.10/bin/../lib/gcc/arm-none-eabi/10.3.1/../../../../arm-none-eabi/lib/thumb/v7e-m/nofp/libc.a(lib_a-__call_atexit.o)
                              /home/toki/stm32/gcc-arm-none-eabi-10.3-2021.10/bin/../lib/gcc/arm-none-eabi/10.3.1/../../../../arm-none-eabi/lib/thumb/v7e-m/nofp/libc.a(lib_a-exit.o) (__call_exitprocs)
/home/toki/stm32/gcc-arm-none-eabi-10.3-2021.10/bin/../lib/gcc/arm-none-eabi/10.3.1/../../../../arm-none-eabi/lib/thumb/v7e-m/nofp/libc.a(lib_a-atexit.o)
                              /home/toki/stm32/gcc-arm-none-eabi-10.3-2021.10/bin/../lib/gcc/arm-none-eabi/10.3.1/../../../../arm-none-eabi/lib/thumb/v7e-m/nofp/libc.a(lib_a-__call_atexit.o) (atexit)
/home/toki/stm32/gcc-arm-none-eabi-10.3-2021.10/bin/../lib/gcc/arm-none-eabi/10.3.1/../../../../arm-none-eabi/lib/thumb/v7e-m/nofp/libc.a(lib_a-fini.o)
                              /home/toki/stm32/gcc-arm-none-eabi-10.3-2021.10/bin/../lib/gcc/arm-none-eabi/10.3.1/../../../../arm-none-eabi/lib/thumb/v7e-m/nofp/libc.a(lib_a-__call_atexit.o) (__libc_fini_array)
/home/toki/stm32/gcc-arm-none-eabi-10.3-2021.10/bin/../lib/gcc/arm-none-eabi/10.3.1/../../../../arm-none-eabi/lib/thumb/v7e-m/nofp/libc.a(lib_a-lock.o)
                              /home/toki/stm32/gcc-arm-none-eabi-10.3-2021.10/bin/../lib/gcc/arm-none-eabi/10.3.1/../../../../arm-none-eabi/lib/thumb/v7e-m/nofp/libc.a(lib_a-__call_atexit.o) (__retarget_lock_acquire_recursive)
/home/toki/stm32/gcc-arm-none-eabi-10.3-2021.10/bin/../lib/gcc/arm-none-eabi/10.3.1/../../../../arm-none-eabi/lib/thumb/v7e-m/nofp/libc.a(lib_a-__atexit.o)
                              /home/toki/stm32/gcc-arm-none-eabi-10.3-2021.10/bin/../lib/gcc/arm-none-eabi/10.3.1/../../../../arm-none-eabi/lib/thumb/v7e-m/nofp/libc.a(lib_a-atexit.o) (__register_exitproc)
/home/toki/stm32/gcc-arm-none-eabi-10.3-2021.10/bin/../lib/gcc/arm-none-eabi/10.3.1/../../../../arm-none-eabi/lib/thumb/v7e-m/nofp/libnosys.a(_exit.o)
                              /home/toki/stm32/gcc-arm-none-eabi-10.3-2021.10/bin/../lib/gcc/arm-none-eabi/10.3.1/../../../../arm-none-eabi/lib/thumb/v7e-m/nofp/libc.a(lib_a-exit.o) (_exit)

Discarded input sections

 .text          0x0000000000000000        0x0 /home/toki/stm32/gcc-arm-none-eabi-10.3-2021.10/bin/../lib/gcc/arm-none-eabi/10.3.1/thumb/v7e-m/nofp/crti.o
 .data          0x0000000000000000        0x0 /home/toki/stm32/gcc-arm-none-eabi-10.3-2021.10/bin/../lib/gcc/arm-none-eabi/10.3.1/thumb/v7e-m/nofp/crti.o
 .bss           0x0000000000000000        0x0 /home/toki/stm32/gcc-arm-none-eabi-10.3-2021.10/bin/../lib/gcc/arm-none-eabi/10.3.1/thumb/v7e-m/nofp/crti.o
 .data          0x0000000000000000        0x4 /home/toki/stm32/gcc-arm-none-eabi-10.3-2021.10/bin/../lib/gcc/arm-none-eabi/10.3.1/thumb/v7e-m/nofp/crtbegin.o
 .rodata        0x0000000000000000       0x24 /home/toki/stm32/gcc-arm-none-eabi-10.3-2021.10/bin/../lib/gcc/arm-none-eabi/10.3.1/thumb/v7e-m/nofp/crtbegin.o
 .text          0x0000000000000000       0x7c /home/toki/stm32/gcc-arm-none-eabi-10.3-2021.10/bin/../lib/gcc/arm-none-eabi/10.3.1/../../../../arm-none-eabi/lib/thumb/v7e-m/nofp/crt0.o
 .data          0x0000000000000000        0x0 /home/toki/stm32/gcc-arm-none-eabi-10.3-2021.10/bin/../lib/gcc/arm-none-eabi/10.3.1/../../../../arm-none-eabi/lib/thumb/v7e-m/nofp/crt0.o
 .bss           0x0000000000000000        0x0 /home/toki/stm32/gcc-arm-none-eabi-10.3-2021.10/bin/../lib/gcc/arm-none-eabi/10.3.1/../../../../arm-none-eabi/lib/thumb/v7e-m/nofp/crt0.o
 .ARM.extab     0x0000000000000000        0x0 /home/toki/stm32/gcc-arm-none-eabi-10.3-2021.10/bin/../lib/gcc/arm-none-eabi/10.3.1/../../../../arm-none-eabi/lib/thumb/v7e-m/nofp/crt0.o
 .ARM.exidx     0x0000000000000000       0x10 /home/toki/stm32/gcc-arm-none-eabi-10.3-2021.10/bin/../lib/gcc/arm-none-eabi/10.3.1/../../../../arm-none-eabi/lib/thumb/v7e-m/nofp/crt0.o
 .ARM.attributes
                0x0000000000000000       0x1c /home/toki/stm32/gcc-arm-none-eabi-10.3-2021.10/bin/../lib/gcc/arm-none-eabi/10.3.1/../../../../arm-none-eabi/lib/thumb/v7e-m/nofp/crt0.o
 .data          0x0000000000000000        0x0 out/main.o
 .bss           0x0000000000000000        0x0 out/main.o
 .text          0x0000000000000000       0x14 out/startup_stm32f40_41xxx.o
 .data          0x0000000000000000        0x0 out/startup_stm32f40_41xxx.o
 .bss           0x0000000000000000        0x0 out/startup_stm32f40_41xxx.o
 .data          0x0000000000000000        0x0 out/stm32f4xx_gpio.o
 .bss           0x0000000000000000        0x0 out/stm32f4xx_gpio.o
 .bss           0x0000000000000000        0x0 out/stm32f4xx_rcc.o
 .data          0x0000000000000000        0x0 out/stm32f4xx_usart.o
 .bss           0x0000000000000000        0x0 out/stm32f4xx_usart.o
 .bss           0x0000000000000000        0x0 out/system_stm32f4xx.o
 .text          0x0000000000000000        0x0 /home/toki/stm32/gcc-arm-none-eabi-10.3-2021.10/bin/../lib/gcc/arm-none-eabi/10.3.1/../../../../arm-none-eabi/lib/thumb/v7e-m/nofp/libc.a(lib_a-exit.o)
 .data          0x0000000000000000        0x0 /home/toki/stm32/gcc-arm-none-eabi-10.3-2021.10/bin/../lib/gcc/arm-none-eabi/10.3.1/../../../../arm-none-eabi/lib/thumb/v7e-m/nofp/libc.a(lib_a-exit.o)
 .bss           0x0000000000000000        0x0 /home/toki/stm32/gcc-arm-none-eabi-10.3-2021.10/bin/../lib/gcc/arm-none-eabi/10.3.1/../../../../arm-none-eabi/lib/thumb/v7e-m/nofp/libc.a(lib_a-exit.o)
 .text.exit     0x0000000000000000       0x20 /home/toki/stm32/gcc-arm-none-eabi-10.3-2021.10/bin/../lib/gcc/arm-none-eabi/10.3.1/../../../../arm-none-eabi/lib/thumb/v7e-m/nofp/libc.a(lib_a-exit.o)
 .debug_frame   0x0000000000000000       0x28 /home/toki/stm32/gcc-arm-none-eabi-10.3-2021.10/bin/../lib/gcc/arm-none-eabi/10.3.1/../../../../arm-none-eabi/lib/thumb/v7e-m/nofp/libc.a(lib_a-exit.o)
 .ARM.attributes
                0x0000000000000000       0x2e /home/toki/stm32/gcc-arm-none-eabi-10.3-2021.10/bin/../lib/gcc/arm-none-eabi/10.3.1/../../../../arm-none-eabi/lib/thumb/v7e-m/nofp/libc.a(lib_a-exit.o)
 .text          0x0000000000000000        0x0 /home/toki/stm32/gcc-arm-none-eabi-10.3-2021.10/bin/../lib/gcc/arm-none-eabi/10.3.1/../../../../arm-none-eabi/lib/thumb/v7e-m/nofp/libc.a(lib_a-impure.o)
 .data          0x0000000000000000        0x0 /home/toki/stm32/gcc-arm-none-eabi-10.3-2021.10/bin/../lib/gcc/arm-none-eabi/10.3.1/../../../../arm-none-eabi/lib/thumb/v7e-m/nofp/libc.a(lib_a-impure.o)
 .bss           0x0000000000000000        0x0 /home/toki/stm32/gcc-arm-none-eabi-10.3-2021.10/bin/../lib/gcc/arm-none-eabi/10.3.1/../../../../arm-none-eabi/lib/thumb/v7e-m/nofp/libc.a(lib_a-impure.o)
 .data._impure_ptr
                0x0000000000000000        0x4 /home/toki/stm32/gcc-arm-none-eabi-10.3-2021.10/bin/../lib/gcc/arm-none-eabi/10.3.1/../../../../arm-none-eabi/lib/thumb/v7e-m/nofp/libc.a(lib_a-impure.o)
 .text          0x0000000000000000        0x0 /home/toki/stm32/gcc-arm-none-eabi-10.3-2021.10/bin/../lib/gcc/arm-none-eabi/10.3.1/../../../../arm-none-eabi/lib/thumb/v7e-m/nofp/libc.a(lib_a-init.o)
 .data          0x0000000000000000        0x0 /home/toki/stm32/gcc-arm-none-eabi-10.3-2021.10/bin/../lib/gcc/arm-none-eabi/10.3.1/../../../../arm-none-eabi/lib/thumb/v7e-m/nofp/libc.a(lib_a-init.o)
 .bss           0x0000000000000000        0x0 /home/toki/stm32/gcc-arm-none-eabi-10.3-2021.10/bin/../lib/gcc/arm-none-eabi/10.3.1/../../../../arm-none-eabi/lib/thumb/v7e-m/nofp/libc.a(lib_a-init.o)
 .text          0x0000000000000000        0x0 /home/toki/stm32/gcc-arm-none-eabi-10.3-2021.10/bin/../lib/gcc/arm-none-eabi/10.3.1/../../../../arm-none-eabi/lib/thumb/v7e-m/nofp/libc.a(lib_a-memset.o)
 .data          0x0000000000000000        0x0 /home/toki/stm32/gcc-arm-none-eabi-10.3-2021.10/bin/../lib/gcc/arm-none-eabi/10.3.1/../../../../arm-none-eabi/lib/thumb/v7e-m/nofp/libc.a(lib_a-memset.o)
 .bss           0x0000000000000000        0x0 /home/toki/stm32/gcc-arm-none-eabi-10.3-2021.10/bin/../lib/gcc/arm-none-eabi/10.3.1/../../../../arm-none-eabi/lib/thumb/v7e-m/nofp/libc.a(lib_a-memset.o)
 .text.memset   0x0000000000000000       0xa4 /home/toki/stm32/gcc-arm-none-eabi-10.3-2021.10/bin/../lib/gcc/arm-none-eabi/10.3.1/../../../../arm-none-eabi/lib/thumb/v7e-m/nofp/libc.a(lib_a-memset.o)
 .debug_frame   0x0000000000000000       0x2c /home/toki/stm32/gcc-arm-none-eabi-10.3-2021.10/bin/../lib/gcc/arm-none-eabi/10.3.1/../../../../arm-none-eabi/lib/thumb/v7e-m/nofp/libc.a(lib_a-memset.o)
 .ARM.attributes
                0x0000000000000000       0x2e /home/toki/stm32/gcc-arm-none-eabi-10.3-2021.10/bin/../lib/gcc/arm-none-eabi/10.3.1/../../../../arm-none-eabi/lib/thumb/v7e-m/nofp/libc.a(lib_a-memset.o)
 .data          0x0000000000000000        0x0 /home/toki/stm32/gcc-arm-none-eabi-10.3-2021.10/bin/../lib/gcc/arm-none-eabi/10.3.1/../../../../arm-none-eabi/lib/thumb/v7e-m/nofp/libc.a(lib_a-strlen.o)
 .bss           0x0000000000000000        0x0 /home/toki/stm32/gcc-arm-none-eabi-10.3-2021.10/bin/../lib/gcc/arm-none-eabi/10.3.1/../../../../arm-none-eabi/lib/thumb/v7e-m/nofp/libc.a(lib_a-strlen.o)
 .text          0x0000000000000000        0x0 /home/toki/stm32/gcc-arm-none-eabi-10.3-2021.10/bin/../lib/gcc/arm-none-eabi/10.3.1/../../../../arm-none-eabi/lib/thumb/v7e-m/nofp/libc.a(lib_a-__call_atexit.o)
 .data          0x0000000000000000        0x0 /home/toki/stm32/gcc-arm-none-eabi-10.3-2021.10/bin/../lib/gcc/arm-none-eabi/10.3.1/../../../../arm-none-eabi/lib/thumb/v7e-m/nofp/libc.a(lib_a-__call_atexit.o)
 .bss           0x0000000000000000        0x0 /home/toki/stm32/gcc-arm-none-eabi-10.3-2021.10/bin/../lib/gcc/arm-none-eabi/10.3.1/../../../../arm-none-eabi/lib/thumb/v7e-m/nofp/libc.a(lib_a-__call_atexit.o)
 .text.__call_exitprocs
                0x0000000000000000       0xc4 /home/toki/stm32/gcc-arm-none-eabi-10.3-2021.10/bin/../lib/gcc/arm-none-eabi/10.3.1/../../../../arm-none-eabi/lib/thumb/v7e-m/nofp/libc.a(lib_a-__call_atexit.o)
 .text          0x0000000000000000        0x0 /home/toki/stm32/gcc-arm-none-eabi-10.3-2021.10/bin/../lib/gcc/arm-none-eabi/10.3.1/../../../../arm-none-eabi/lib/thumb/v7e-m/nofp/libc.a(lib_a-atexit.o)
 .data          0x0000000000000000        0x0 /home/toki/stm32/gcc-arm-none-eabi-10.3-2021.10/bin/../lib/gcc/arm-none-eabi/10.3.1/../../../../arm-none-eabi/lib/thumb/v7e-m/nofp/libc.a(lib_a-atexit.o)
 .bss           0x0000000000000000        0x0 /home/toki/stm32/gcc-arm-none-eabi-10.3-2021.10/bin/../lib/gcc/arm-none-eabi/10.3.1/../../../../arm-none-eabi/lib/thumb/v7e-m/nofp/libc.a(lib_a-atexit.o)
 .text          0x0000000000000000        0x0 /home/toki/stm32/gcc-arm-none-eabi-10.3-2021.10/bin/../lib/gcc/arm-none-eabi/10.3.1/../../../../arm-none-eabi/lib/thumb/v7e-m/nofp/libc.a(lib_a-fini.o)
 .data          0x0000000000000000        0x0 /home/toki/stm32/gcc-arm-none-eabi-10.3-2021.10/bin/../lib/gcc/arm-none-eabi/10.3.1/../../../../arm-none-eabi/lib/thumb/v7e-m/nofp/libc.a(lib_a-fini.o)
 .bss           0x0000000000000000        0x0 /home/toki/stm32/gcc-arm-none-eabi-10.3-2021.10/bin/../lib/gcc/arm-none-eabi/10.3.1/../../../../arm-none-eabi/lib/thumb/v7e-m/nofp/libc.a(lib_a-fini.o)
 .text          0x0000000000000000        0x0 /home/toki/stm32/gcc-arm-none-eabi-10.3-2021.10/bin/../lib/gcc/arm-none-eabi/10.3.1/../../../../arm-none-eabi/lib/thumb/v7e-m/nofp/libc.a(lib_a-lock.o)
 .data          0x0000000000000000        0x0 /home/toki/stm32/gcc-arm-none-eabi-10.3-2021.10/bin/../lib/gcc/arm-none-eabi/10.3.1/../../../../arm-none-eabi/lib/thumb/v7e-m/nofp/libc.a(lib_a-lock.o)
 .bss           0x0000000000000000        0x0 /home/toki/stm32/gcc-arm-none-eabi-10.3-2021.10/bin/../lib/gcc/arm-none-eabi/10.3.1/../../../../arm-none-eabi/lib/thumb/v7e-m/nofp/libc.a(lib_a-lock.o)
 .text.__retarget_lock_init
                0x0000000000000000        0x4 /home/toki/stm32/gcc-arm-none-eabi-10.3-2021.10/bin/../lib/gcc/arm-none-eabi/10.3.1/../../../../arm-none-eabi/lib/thumb/v7e-m/nofp/libc.a(lib_a-lock.o)
 .text.__retarget_lock_init_recursive
                0x0000000000000000        0x4 /home/toki/stm32/gcc-arm-none-eabi-10.3-2021.10/bin/../lib/gcc/arm-none-eabi/10.3.1/../../../../arm-none-eabi/lib/thumb/v7e-m/nofp/libc.a(lib_a-lock.o)
 .text.__retarget_lock_close
                0x0000000000000000        0x4 /home/toki/stm32/gcc-arm-none-eabi-10.3-2021.10/bin/../lib/gcc/arm-none-eabi/10.3.1/../../../../arm-none-eabi/lib/thumb/v7e-m/nofp/libc.a(lib_a-lock.o)
 .text.__retarget_lock_close_recursive
                0x0000000000000000        0x4 /home/toki/stm32/gcc-arm-none-eabi-10.3-2021.10/bin/../lib/gcc/arm-none-eabi/10.3.1/../../../../arm-none-eabi/lib/thumb/v7e-m/nofp/libc.a(lib_a-lock.o)
 .text.__retarget_lock_acquire
                0x0000000000000000        0x4 /home/toki/stm32/gcc-arm-none-eabi-10.3-2021.10/bin/../lib/gcc/arm-none-eabi/10.3.1/../../../../arm-none-eabi/lib/thumb/v7e-m/nofp/libc.a(lib_a-lock.o)
 .text.__retarget_lock_try_acquire
                0x0000000000000000        0x4 /home/toki/stm32/gcc-arm-none-eabi-10.3-2021.10/bin/../lib/gcc/arm-none-eabi/10.3.1/../../../../arm-none-eabi/lib/thumb/v7e-m/nofp/libc.a(lib_a-lock.o)
 .text.__retarget_lock_try_acquire_recursive
                0x0000000000000000        0x4 /home/toki/stm32/gcc-arm-none-eabi-10.3-2021.10/bin/../lib/gcc/arm-none-eabi/10.3.1/../../../../arm-none-eabi/lib/thumb/v7e-m/nofp/libc.a(lib_a-lock.o)
 .text.__retarget_lock_release
                0x0000000000000000        0x4 /home/toki/stm32/gcc-arm-none-eabi-10.3-2021.10/bin/../lib/gcc/arm-none-eabi/10.3.1/../../../../arm-none-eabi/lib/thumb/v7e-m/nofp/libc.a(lib_a-lock.o)
 .bss.__lock___arc4random_mutex
                0x0000000000000000        0x1 /home/toki/stm32/gcc-arm-none-eabi-10.3-2021.10/bin/../lib/gcc/arm-none-eabi/10.3.1/../../../../arm-none-eabi/lib/thumb/v7e-m/nofp/libc.a(lib_a-lock.o)
 .bss.__lock___at_quick_exit_mutex
                0x0000000000000000        0x1 /home/toki/stm32/gcc-arm-none-eabi-10.3-2021.10/bin/../lib/gcc/arm-none-eabi/10.3.1/../../../../arm-none-eabi/lib/thumb/v7e-m/nofp/libc.a(lib_a-lock.o)
 .bss.__lock___dd_hash_mutex
                0x0000000000000000        0x1 /home/toki/stm32/gcc-arm-none-eabi-10.3-2021.10/bin/../lib/gcc/arm-none-eabi/10.3.1/../../../../arm-none-eabi/lib/thumb/v7e-m/nofp/libc.a(lib_a-lock.o)
 .bss.__lock___env_recursive_mutex
                0x0000000000000000        0x1 /home/toki/stm32/gcc-arm-none-eabi-10.3-2021.10/bin/../lib/gcc/arm-none-eabi/10.3.1/../../../../arm-none-eabi/lib/thumb/v7e-m/nofp/libc.a(lib_a-lock.o)
 .bss.__lock___malloc_recursive_mutex
                0x0000000000000000        0x1 /home/toki/stm32/gcc-arm-none-eabi-10.3-2021.10/bin/../lib/gcc/arm-none-eabi/10.3.1/../../../../arm-none-eabi/lib/thumb/v7e-m/nofp/libc.a(lib_a-lock.o)
 .bss.__lock___sfp_recursive_mutex
                0x0000000000000000        0x1 /home/toki/stm32/gcc-arm-none-eabi-10.3-2021.10/bin/../lib/gcc/arm-none-eabi/10.3.1/../../../../arm-none-eabi/lib/thumb/v7e-m/nofp/libc.a(lib_a-lock.o)
 .bss.__lock___sinit_recursive_mutex
                0x0000000000000000        0x1 /home/toki/stm32/gcc-arm-none-eabi-10.3-2021.10/bin/../lib/gcc/arm-none-eabi/10.3.1/../../../../arm-none-eabi/lib/thumb/v7e-m/nofp/libc.a(lib_a-lock.o)
 .bss.__lock___tz_mutex
                0x0000000000000000        0x1 /home/toki/stm32/gcc-arm-none-eabi-10.3-2021.10/bin/../lib/gcc/arm-none-eabi/10.3.1/../../../../arm-none-eabi/lib/thumb/v7e-m/nofp/libc.a(lib_a-lock.o)
 .text          0x0000000000000000        0x0 /home/toki/stm32/gcc-arm-none-eabi-10.3-2021.10/bin/../lib/gcc/arm-none-eabi/10.3.1/../../../../arm-none-eabi/lib/thumb/v7e-m/nofp/libc.a(lib_a-__atexit.o)
 .data          0x0000000000000000        0x0 /home/toki/stm32/gcc-arm-none-eabi-10.3-2021.10/bin/../lib/gcc/arm-none-eabi/10.3.1/../../../../arm-none-eabi/lib/thumb/v7e-m/nofp/libc.a(lib_a-__atexit.o)
 .bss           0x0000000000000000        0x0 /home/toki/stm32/gcc-arm-none-eabi-10.3-2021.10/bin/../lib/gcc/arm-none-eabi/10.3.1/../../../../arm-none-eabi/lib/thumb/v7e-m/nofp/libc.a(lib_a-__atexit.o)
 .text          0x0000000000000000        0x0 /home/toki/stm32/gcc-arm-none-eabi-10.3-2021.10/bin/../lib/gcc/arm-none-eabi/10.3.1/../../../../arm-none-eabi/lib/thumb/v7e-m/nofp/libnosys.a(_exit.o)
 .data          0x0000000000000000        0x0 /home/toki/stm32/gcc-arm-none-eabi-10.3-2021.10/bin/../lib/gcc/arm-none-eabi/10.3.1/../../../../arm-none-eabi/lib/thumb/v7e-m/nofp/libnosys.a(_exit.o)
 .bss           0x0000000000000000        0x0 /home/toki/stm32/gcc-arm-none-eabi-10.3-2021.10/bin/../lib/gcc/arm-none-eabi/10.3.1/../../../../arm-none-eabi/lib/thumb/v7e-m/nofp/libnosys.a(_exit.o)
 .text._exit    0x0000000000000000        0x4 /home/toki/stm32/gcc-arm-none-eabi-10.3-2021.10/bin/../lib/gcc/arm-none-eabi/10.3.1/../../../../arm-none-eabi/lib/thumb/v7e-m/nofp/libnosys.a(_exit.o)
 .debug_frame   0x0000000000000000       0x20 /home/toki/stm32/gcc-arm-none-eabi-10.3-2021.10/bin/../lib/gcc/arm-none-eabi/10.3.1/../../../../arm-none-eabi/lib/thumb/v7e-m/nofp/libnosys.a(_exit.o)
 .ARM.attributes
                0x0000000000000000       0x2e /home/toki/stm32/gcc-arm-none-eabi-10.3-2021.10/bin/../lib/gcc/arm-none-eabi/10.3.1/../../../../arm-none-eabi/lib/thumb/v7e-m/nofp/libnosys.a(_exit.o)
 .text          0x0000000000000000        0x0 /home/toki/stm32/gcc-arm-none-eabi-10.3-2021.10/bin/../lib/gcc/arm-none-eabi/10.3.1/thumb/v7e-m/nofp/crtend.o
 .data          0x0000000000000000        0x0 /home/toki/stm32/gcc-arm-none-eabi-10.3-2021.10/bin/../lib/gcc/arm-none-eabi/10.3.1/thumb/v7e-m/nofp/crtend.o
 .bss           0x0000000000000000        0x0 /home/toki/stm32/gcc-arm-none-eabi-10.3-2021.10/bin/../lib/gcc/arm-none-eabi/10.3.1/thumb/v7e-m/nofp/crtend.o
 .rodata        0x0000000000000000       0x24 /home/toki/stm32/gcc-arm-none-eabi-10.3-2021.10/bin/../lib/gcc/arm-none-eabi/10.3.1/thumb/v7e-m/nofp/crtend.o
 .eh_frame      0x0000000000000000        0x4 /home/toki/stm32/gcc-arm-none-eabi-10.3-2021.10/bin/../lib/gcc/arm-none-eabi/10.3.1/thumb/v7e-m/nofp/crtend.o
 .ARM.attributes
                0x0000000000000000       0x2e /home/toki/stm32/gcc-arm-none-eabi-10.3-2021.10/bin/../lib/gcc/arm-none-eabi/10.3.1/thumb/v7e-m/nofp/crtend.o
 .text          0x0000000000000000        0x0 /home/toki/stm32/gcc-arm-none-eabi-10.3-2021.10/bin/../lib/gcc/arm-none-eabi/10.3.1/thumb/v7e-m/nofp/crtn.o
 .data          0x0000000000000000        0x0 /home/toki/stm32/gcc-arm-none-eabi-10.3-2021.10/bin/../lib/gcc/arm-none-eabi/10.3.1/thumb/v7e-m/nofp/crtn.o
 .bss           0x0000000000000000        0x0 /home/toki/stm32/gcc-arm-none-eabi-10.3-2021.10/bin/../lib/gcc/arm-none-eabi/10.3.1/thumb/v7e-m/nofp/crtn.o

Memory Configuration

Name             Origin             Length             Attributes
FLASH            0x0000000008000000 0x0000000000100000 xr
RAM              0x0000000020000000 0x0000000000020000 xrw
CCMRAM           0x0000000010000000 0x0000000000010000 rw
*default*        0x0000000000000000 0xffffffffffffffff

Linker script and memory map

LOAD /home/toki/stm32/gcc-arm-none-eabi-10.3-2021.10/bin/../lib/gcc/arm-none-eabi/10.3.1/thumb/v7e-m/nofp/crti.o
LOAD /home/toki/stm32/gcc-arm-none-eabi-10.3-2021.10/bin/../lib/gcc/arm-none-eabi/10.3.1/thumb/v7e-m/nofp/crtbegin.o
LOAD /home/toki/stm32/gcc-arm-none-eabi-10.3-2021.10/bin/../lib/gcc/arm-none-eabi/10.3.1/../../../../arm-none-eabi/lib/thumb/v7e-m/nofp/crt0.o
LOAD out/main.o
LOAD out/startup_stm32f40_41xxx.o
LOAD out/stm32f4xx_gpio.o
LOAD out/stm32f4xx_rcc.o
LOAD out/stm32f4xx_usart.o
LOAD out/system_stm32f4xx.o
                0x0000000000000080                malloc_getpagesize_P = 0x80
START GROUP
LOAD /home/toki/stm32/gcc-arm-none-eabi-10.3-2021.10/bin/../lib/gcc/arm-none-eabi/10.3.1/../../../../arm-none-eabi/lib/thumb/v7e-m/nofp/libc.a
LOAD /home/toki/stm32/gcc-arm-none-eabi-10.3-2021.10/bin/../lib/gcc/arm-none-eabi/10.3.1/../../../../arm-none-eabi/lib/thumb/v7e-m/nofp/libm.a
END GROUP
START GROUP
LOAD /home/toki/stm32/gcc-arm-none-eabi-10.3-2021.10/bin/../lib/gcc/arm-none-eabi/10.3.1/thumb/v7e-m/nofp/libgcc.a
LOAD /home/toki/stm32/gcc-arm-none-eabi-10.3-2021.10/bin/../lib/gcc/arm-none-eabi/10.3.1/../../../../arm-none-eabi/lib/thumb/v7e-m/nofp/libc.a
END GROUP
START GROUP
LOAD /home/toki/stm32/gcc-arm-none-eabi-10.3-2021.10/bin/../lib/gcc/arm-none-eabi/10.3.1/thumb/v7e-m/nofp/libgcc.a
LOAD /home/toki/stm32/gcc-arm-none-eabi-10.3-2021.10/bin/../lib/gcc/arm-none-eabi/10.3.1/../../../../arm-none-eabi/lib/thumb/v7e-m/nofp/libc.a
LOAD /home/toki/stm32/gcc-arm-none-eabi-10.3-2021.10/bin/../lib/gcc/arm-none-eabi/10.3.1/../../../../arm-none-eabi/lib/thumb/v7e-m/nofp/libnosys.a
END GROUP
LOAD /home/toki/stm32/gcc-arm-none-eabi-10.3-2021.10/bin/../lib/gcc/arm-none-eabi/10.3.1/thumb/v7e-m/nofp/crtend.o
LOAD /home/toki/stm32/gcc-arm-none-eabi-10.3-2021.10/bin/../lib/gcc/arm-none-eabi/10.3.1/thumb/v7e-m/nofp/crtn.o
                0x0000000020020000                _estack = 0x20020000
                0x0000000000000200                _Min_Heap_Size = 0x200
                0x0000000000000400                _Min_Stack_Size = 0x400

.isr_vector     0x0000000008000000      0x188
                0x0000000008000000                . = ALIGN (0x4)
 *(.isr_vector)
 .isr_vector    0x0000000008000000      0x188 out/startup_stm32f40_41xxx.o
                0x0000000008000000                g_pfnVectors
                0x0000000008000188                . = ALIGN (0x4)

.text           0x00000000080001c0     0x20e8
                0x00000000080001c0                . = ALIGN (0x4)
 *(.text)
 .text          0x00000000080001c0       0x40 /home/toki/stm32/gcc-arm-none-eabi-10.3-2021.10/bin/../lib/gcc/arm-none-eabi/10.3.1/thumb/v7e-m/nofp/crtbegin.o
 .text          0x0000000008000200      0x180 out/main.o
                0x0000000008000200                delay_ms
                0x0000000008000232                system_start
                0x0000000008000278                usart1_init
                0x00000000080002f4                usart1_sendstr
                0x0000000008000360                main
 .text          0x0000000008000380      0x4c0 out/stm32f4xx_gpio.o
                0x0000000008000380                GPIO_DeInit
                0x00000000080004e4                GPIO_Init
                0x0000000008000600                GPIO_StructInit
                0x0000000008000632                GPIO_PinLockConfig
                0x0000000008000674                GPIO_ReadInputDataBit
                0x00000000080006a6                GPIO_ReadInputData
                0x00000000080006be                GPIO_ReadOutputDataBit
                0x00000000080006f0                GPIO_ReadOutputData
                0x0000000008000708                GPIO_SetBits
                0x0000000008000724                GPIO_ResetBits
                0x0000000008000742                GPIO_WriteBit
                0x0000000008000772                GPIO_Write
                0x000000000800078e                GPIO_ToggleBits
                0x00000000080007b0                GPIO_PinAFConfig
 .text          0x0000000008000840      0xc74 out/stm32f4xx_rcc.o
                0x0000000008000840                RCC_DeInit
                0x00000000080008b0                RCC_HSEConfig
                0x00000000080008d4                RCC_WaitForHSEStartUp
                0x0000000008000924                RCC_AdjustHSICalibrationValue
                0x0000000008000960                RCC_HSICmd
                0x0000000008000980                RCC_LSEConfig
                0x00000000080009c0                RCC_LSICmd
                0x00000000080009e0                RCC_PLLConfig
                0x0000000008000a1c                RCC_PLLCmd
                0x0000000008000a3c                RCC_PLLI2SConfig
                0x0000000008000a64                RCC_PLLI2SCmd
                0x0000000008000a84                RCC_PLLSAIConfig
                0x0000000008000ab4                RCC_PLLSAICmd
                0x0000000008000ad4                RCC_ClockSecuritySystemCmd
                0x0000000008000af4                RCC_MCO1Config
                0x0000000008000b30                RCC_MCO2Config
                0x0000000008000b6c                RCC_SYSCLKConfig
                0x0000000008000ba4                RCC_GetSYSCLKSource
                0x0000000008000bc0                RCC_HCLKConfig
                0x0000000008000bf8                RCC_PCLK1Config
                0x0000000008000c30                RCC_PCLK2Config
                0x0000000008000c68                RCC_GetClocksFreq
                0x0000000008000dc4                RCC_RTCCLKConfig
                0x0000000008000e20                RCC_RTCCLKCmd
                0x0000000008000e40                RCC_BackupResetCmd
                0x0000000008000e60                RCC_I2SCLKConfig
                0x0000000008000e7c                RCC_SAIBlockACLKConfig
                0x0000000008000eb8                RCC_SAIBlockBCLKConfig
                0x0000000008000ef4                RCC_SAIPLLI2SClkDivConfig
                0x0000000008000f30                RCC_SAIPLLSAIClkDivConfig
                0x0000000008000f70                RCC_LTDCCLKDivConfig
                0x0000000008000fac                RCC_TIMCLKPresConfig
                0x0000000008000fc8                RCC_AHB1PeriphClockCmd
                0x0000000008001004                RCC_AHB2PeriphClockCmd
                0x0000000008001040                RCC_AHB3PeriphClockCmd
                0x000000000800107c                RCC_APB1PeriphClockCmd
                0x00000000080010b8                RCC_APB2PeriphClockCmd
                0x00000000080010f4                RCC_AHB1PeriphResetCmd
                0x0000000008001130                RCC_AHB2PeriphResetCmd
                0x000000000800116c                RCC_AHB3PeriphResetCmd
                0x00000000080011a8                RCC_APB1PeriphResetCmd
                0x00000000080011e4                RCC_APB2PeriphResetCmd
                0x0000000008001220                RCC_AHB1PeriphClockLPModeCmd
                0x000000000800125c                RCC_AHB2PeriphClockLPModeCmd
                0x0000000008001298                RCC_AHB3PeriphClockLPModeCmd
                0x00000000080012d4                RCC_APB1PeriphClockLPModeCmd
                0x0000000008001310                RCC_APB2PeriphClockLPModeCmd
                0x000000000800134c                RCC_LSEModeConfig
                0x0000000008001384                RCC_ITConfig
                0x00000000080013d0                RCC_GetFlagStatus
                0x0000000008001444                RCC_ClearFlag
                0x0000000008001460                RCC_GetITStatus
                0x0000000008001494                RCC_ClearITPendingBit
 .text          0x00000000080014b4      0x938 out/stm32f4xx_usart.o
                0x00000000080014b4                USART_DeInit
                0x00000000080015cc                USART_Init
                0x0000000008001740                USART_StructInit
                0x0000000008001778                USART_ClockInit
                0x00000000080017cc                USART_ClockStructInit
                0x00000000080017f6                USART_Cmd
                0x0000000008001834                USART_SetPrescaler
                0x000000000800186c                USART_OverSampling8Cmd
                0x00000000080018ae                USART_OneBitMethodCmd
                0x00000000080018ec                USART_SendData
                0x000000000800190e                USART_ReceiveData
                0x000000000800192c                USART_SetAddress
                0x0000000008001964                USART_ReceiverWakeUpCmd
                0x00000000080019a2                USART_WakeUpConfig
                0x00000000080019d8                USART_LINBreakDetectLengthConfig
                0x0000000008001a0e                USART_LINCmd
                0x0000000008001a4c                USART_SendBreak
                0x0000000008001a6e                USART_HalfDuplexCmd
                0x0000000008001aac                USART_SetGuardTime
                0x0000000008001ae6                USART_SmartCardCmd
                0x0000000008001b24                USART_SmartCardNACKCmd
                0x0000000008001b62                USART_IrDAConfig
                0x0000000008001b98                USART_IrDACmd
                0x0000000008001bd6                USART_DMACmd
                0x0000000008001c1c                USART_ITConfig
                0x0000000008001caa                USART_GetFlagStatus
                0x0000000008001ce0                USART_ClearFlag
                0x0000000008001d00                USART_GetITStatus
                0x0000000008001db4                USART_ClearITPendingBit
 .text          0x0000000008001dec      0x250 out/system_stm32f4xx.o
                0x0000000008001dec                SystemInit
                0x0000000008001e48                SystemCoreClockUpdate
 *fill*         0x000000000800203c        0x4 
 .text          0x0000000008002040       0xdc /home/toki/stm32/gcc-arm-none-eabi-10.3-2021.10/bin/../lib/gcc/arm-none-eabi/10.3.1/../../../../arm-none-eabi/lib/thumb/v7e-m/nofp/libc.a(lib_a-strlen.o)
                0x0000000008002040                strlen
 *(.text*)
 .text.Reset_Handler
                0x000000000800211c       0x48 out/startup_stm32f40_41xxx.o
                0x000000000800211c                Reset_Handler
 .text.Default_Handler
                0x0000000008002164        0x2 out/startup_stm32f40_41xxx.o
                0x0000000008002164                RTC_Alarm_IRQHandler
                0x0000000008002164                HASH_RNG_IRQHandler
                0x0000000008002164                EXTI2_IRQHandler
                0x0000000008002164                TIM8_CC_IRQHandler
                0x0000000008002164                DebugMon_Handler
                0x0000000008002164                TIM1_CC_IRQHandler
                0x0000000008002164                DMA2_Stream5_IRQHandler
                0x0000000008002164                HardFault_Handler
                0x0000000008002164                DMA1_Stream5_IRQHandler
                0x0000000008002164                SysTick_Handler
                0x0000000008002164                PVD_IRQHandler
                0x0000000008002164                SDIO_IRQHandler
                0x0000000008002164                TAMP_STAMP_IRQHandler
                0x0000000008002164                PendSV_Handler
                0x0000000008002164                NMI_Handler
                0x0000000008002164                CAN2_RX1_IRQHandler
                0x0000000008002164                EXTI3_IRQHandler
                0x0000000008002164                TIM8_TRG_COM_TIM14_IRQHandler
                0x0000000008002164                TIM1_UP_TIM10_IRQHandler
                0x0000000008002164                TIM8_UP_TIM13_IRQHandler
                0x0000000008002164                I2C3_ER_IRQHandler
                0x0000000008002164                EXTI0_IRQHandler
                0x0000000008002164                I2C2_EV_IRQHandler
                0x0000000008002164                DMA1_Stream2_IRQHandler
                0x0000000008002164                CAN1_RX0_IRQHandler
                0x0000000008002164                FPU_IRQHandler
                0x0000000008002164                OTG_HS_WKUP_IRQHandler
                0x0000000008002164                UsageFault_Handler
                0x0000000008002164                CAN2_SCE_IRQHandler
                0x0000000008002164                DMA2_Stream2_IRQHandler
                0x0000000008002164                SPI1_IRQHandler
                0x0000000008002164                TIM6_DAC_IRQHandler
                0x0000000008002164                TIM1_BRK_TIM9_IRQHandler
                0x0000000008002164                DCMI_IRQHandler
                0x0000000008002164                CAN2_RX0_IRQHandler
                0x0000000008002164                DMA2_Stream3_IRQHandler
                0x0000000008002164                USART6_IRQHandler
                0x0000000008002164                USART3_IRQHandler
                0x0000000008002164                CRYP_IRQHandler
                0x0000000008002164                CAN1_RX1_IRQHandler
                0x0000000008002164                UART5_IRQHandler
                0x0000000008002164                DMA2_Stream0_IRQHandler
                0x0000000008002164                TIM4_IRQHandler
                0x0000000008002164                I2C1_EV_IRQHandler
                0x0000000008002164                DMA1_Stream6_IRQHandler
                0x0000000008002164                DMA1_Stream1_IRQHandler
                0x0000000008002164                UART4_IRQHandler
                0x0000000008002164                TIM3_IRQHandler
                0x0000000008002164                RCC_IRQHandler
                0x0000000008002164                TIM8_BRK_TIM12_IRQHandler
                0x0000000008002164                Default_Handler
                0x0000000008002164                EXTI15_10_IRQHandler
                0x0000000008002164                ADC_IRQHandler
                0x0000000008002164                DMA1_Stream7_IRQHandler
                0x0000000008002164                TIM7_IRQHandler
                0x0000000008002164                CAN2_TX_IRQHandler
                0x0000000008002164                TIM5_IRQHandler
                0x0000000008002164                DMA2_Stream7_IRQHandler
                0x0000000008002164                I2C3_EV_IRQHandler
                0x0000000008002164                EXTI9_5_IRQHandler
                0x0000000008002164                RTC_WKUP_IRQHandler
                0x0000000008002164                ETH_WKUP_IRQHandler
                0x0000000008002164                SPI2_IRQHandler
                0x0000000008002164                OTG_HS_EP1_IN_IRQHandler
                0x0000000008002164                MemManage_Handler
                0x0000000008002164                DMA1_Stream0_IRQHandler
                0x0000000008002164                CAN1_TX_IRQHandler
                0x0000000008002164                SVC_Handler
                0x0000000008002164                EXTI4_IRQHandler
                0x0000000008002164                FSMC_IRQHandler
                0x0000000008002164                ETH_IRQHandler
                0x0000000008002164                OTG_HS_EP1_OUT_IRQHandler
                0x0000000008002164                WWDG_IRQHandler
                0x0000000008002164                TIM2_IRQHandler
                0x0000000008002164                OTG_FS_WKUP_IRQHandler
                0x0000000008002164                TIM1_TRG_COM_TIM11_IRQHandler
                0x0000000008002164                OTG_HS_IRQHandler
                0x0000000008002164                EXTI1_IRQHandler
                0x0000000008002164                USART2_IRQHandler
                0x0000000008002164                I2C2_ER_IRQHandler
                0x0000000008002164                DMA2_Stream1_IRQHandler
                0x0000000008002164                CAN1_SCE_IRQHandler
                0x0000000008002164                FLASH_IRQHandler
                0x0000000008002164                DMA2_Stream4_IRQHandler
                0x0000000008002164                BusFault_Handler
                0x0000000008002164                USART1_IRQHandler
                0x0000000008002164                OTG_FS_IRQHandler
                0x0000000008002164                SPI3_IRQHandler
                0x0000000008002164                DMA1_Stream4_IRQHandler
                0x0000000008002164                I2C1_ER_IRQHandler
                0x0000000008002164                DMA2_Stream6_IRQHandler
                0x0000000008002164                DMA1_Stream3_IRQHandler
 *fill*         0x0000000008002166        0x2 
 .text.__libc_init_array
                0x0000000008002168       0x48 /home/toki/stm32/gcc-arm-none-eabi-10.3-2021.10/bin/../lib/gcc/arm-none-eabi/10.3.1/../../../../arm-none-eabi/lib/thumb/v7e-m/nofp/libc.a(lib_a-init.o)
                0x0000000008002168                __libc_init_array
 .text.startup.register_fini
                0x00000000080021b0       0x14 /home/toki/stm32/gcc-arm-none-eabi-10.3-2021.10/bin/../lib/gcc/arm-none-eabi/10.3.1/../../../../arm-none-eabi/lib/thumb/v7e-m/nofp/libc.a(lib_a-__call_atexit.o)
 .text.atexit   0x00000000080021c4        0xc /home/toki/stm32/gcc-arm-none-eabi-10.3-2021.10/bin/../lib/gcc/arm-none-eabi/10.3.1/../../../../arm-none-eabi/lib/thumb/v7e-m/nofp/libc.a(lib_a-atexit.o)
                0x00000000080021c4                atexit
 .text.__libc_fini_array
                0x00000000080021d0       0x2c /home/toki/stm32/gcc-arm-none-eabi-10.3-2021.10/bin/../lib/gcc/arm-none-eabi/10.3.1/../../../../arm-none-eabi/lib/thumb/v7e-m/nofp/libc.a(lib_a-fini.o)
                0x00000000080021d0                __libc_fini_array
 .text.__retarget_lock_acquire_recursive
                0x00000000080021fc        0x4 /home/toki/stm32/gcc-arm-none-eabi-10.3-2021.10/bin/../lib/gcc/arm-none-eabi/10.3.1/../../../../arm-none-eabi/lib/thumb/v7e-m/nofp/libc.a(lib_a-lock.o)
                0x00000000080021fc                __retarget_lock_acquire_recursive
 .text.__retarget_lock_release_recursive
                0x0000000008002200        0x4 /home/toki/stm32/gcc-arm-none-eabi-10.3-2021.10/bin/../lib/gcc/arm-none-eabi/10.3.1/../../../../arm-none-eabi/lib/thumb/v7e-m/nofp/libc.a(lib_a-lock.o)
                0x0000000008002200                __retarget_lock_release_recursive
 .text.__register_exitproc
                0x0000000008002204       0x8c /home/toki/stm32/gcc-arm-none-eabi-10.3-2021.10/bin/../lib/gcc/arm-none-eabi/10.3.1/../../../../arm-none-eabi/lib/thumb/v7e-m/nofp/libc.a(lib_a-__atexit.o)
                0x0000000008002204                __register_exitproc
 *(.glue_7)
 .glue_7        0x0000000008002290        0x0 linker stubs
 *(.glue_7t)
 .glue_7t       0x0000000008002290        0x0 linker stubs
 *(.eh_frame)
 .eh_frame      0x0000000008002290        0x0 /home/toki/stm32/gcc-arm-none-eabi-10.3-2021.10/bin/../lib/gcc/arm-none-eabi/10.3.1/thumb/v7e-m/nofp/crtbegin.o
 *(.init)
 .init          0x0000000008002290        0x4 /home/toki/stm32/gcc-arm-none-eabi-10.3-2021.10/bin/../lib/gcc/arm-none-eabi/10.3.1/thumb/v7e-m/nofp/crti.o
                0x0000000008002290                _init
 .init          0x0000000008002294        0x8 /home/toki/stm32/gcc-arm-none-eabi-10.3-2021.10/bin/../lib/gcc/arm-none-eabi/10.3.1/thumb/v7e-m/nofp/crtn.o
 *(.fini)
 .fini          0x000000000800229c        0x4 /home/toki/stm32/gcc-arm-none-eabi-10.3-2021.10/bin/../lib/gcc/arm-none-eabi/10.3.1/thumb/v7e-m/nofp/crti.o
                0x000000000800229c                _fini
 .fini          0x00000000080022a0        0x8 /home/toki/stm32/gcc-arm-none-eabi-10.3-2021.10/bin/../lib/gcc/arm-none-eabi/10.3.1/thumb/v7e-m/nofp/crtn.o
                0x00000000080022a8                . = ALIGN (0x4)
                0x00000000080022a8                _etext = .

.vfp11_veneer   0x00000000080022a8        0x0
 .vfp11_veneer  0x00000000080022a8        0x0 linker stubs

.v4_bx          0x00000000080022a8        0x0
 .v4_bx         0x00000000080022a8        0x0 linker stubs

.iplt           0x00000000080022a8        0x0
 .iplt          0x00000000080022a8        0x0 /home/toki/stm32/gcc-arm-none-eabi-10.3-2021.10/bin/../lib/gcc/arm-none-eabi/10.3.1/thumb/v7e-m/nofp/crtbegin.o

.rodata         0x00000000080022a8       0x14
                0x00000000080022a8                . = ALIGN (0x4)
 *(.rodata)
 .rodata        0x00000000080022a8        0xf out/main.o
 *(.rodata*)
 *fill*         0x00000000080022b7        0x1 
 .rodata._global_impure_ptr
                0x00000000080022b8        0x4 /home/toki/stm32/gcc-arm-none-eabi-10.3-2021.10/bin/../lib/gcc/arm-none-eabi/10.3.1/../../../../arm-none-eabi/lib/thumb/v7e-m/nofp/libc.a(lib_a-impure.o)
                0x00000000080022b8                _global_impure_ptr
                0x00000000080022bc                . = ALIGN (0x4)

.rel.dyn        0x00000000080022bc        0x0
 .rel.iplt      0x00000000080022bc        0x0 /home/toki/stm32/gcc-arm-none-eabi-10.3-2021.10/bin/../lib/gcc/arm-none-eabi/10.3.1/thumb/v7e-m/nofp/crtbegin.o

.ARM.extab
 *(.ARM.extab* .gnu.linkonce.armextab.*)

.ARM            0x00000000080022bc        0x0
                0x00000000080022bc                __exidx_start = .
 *(.ARM.exidx*)
                0x00000000080022bc                __exidx_end = .

.preinit_array  0x00000000080022bc        0x0
                0x00000000080022bc                PROVIDE (__preinit_array_start = .)
 *(.preinit_array*)
                0x00000000080022bc                PROVIDE (__preinit_array_end = .)

.init_array     0x00000000080022bc        0x8
                0x00000000080022bc                PROVIDE (__init_array_start = .)
 *(SORT_BY_NAME(.init_array.*))
 .init_array.00000
                0x00000000080022bc        0x4 /home/toki/stm32/gcc-arm-none-eabi-10.3-2021.10/bin/../lib/gcc/arm-none-eabi/10.3.1/../../../../arm-none-eabi/lib/thumb/v7e-m/nofp/libc.a(lib_a-__call_atexit.o)
 *(.init_array*)
 .init_array    0x00000000080022c0        0x4 /home/toki/stm32/gcc-arm-none-eabi-10.3-2021.10/bin/../lib/gcc/arm-none-eabi/10.3.1/thumb/v7e-m/nofp/crtbegin.o
                0x00000000080022c4                PROVIDE (__init_array_end = .)

.fini_array     0x00000000080022c4        0x4
                0x00000000080022c4                PROVIDE (__fini_array_start = .)
 *(SORT_BY_NAME(.fini_array.*))
 *(.fini_array*)
 .fini_array    0x00000000080022c4        0x4 /home/toki/stm32/gcc-arm-none-eabi-10.3-2021.10/bin/../lib/gcc/arm-none-eabi/10.3.1/thumb/v7e-m/nofp/crtbegin.o
                0x00000000080022c8                PROVIDE (__fini_array_end = .)
                0x00000000080022c8                _sidata = LOADADDR (.data)

.data           0x0000000020000000      0x454 load address 0x00000000080022c8
                0x0000000020000000                . = ALIGN (0x4)
                0x0000000020000000                _sdata = .
 *(.data)
 .data          0x0000000020000000       0x10 out/stm32f4xx_rcc.o
 .data          0x0000000020000010       0x14 out/system_stm32f4xx.o
                0x0000000020000010                SystemCoreClock
                0x0000000020000014                AHBPrescTable
 *(.data*)
 *fill*         0x0000000020000024        0x4 
 .data.impure_data
                0x0000000020000028      0x428 /home/toki/stm32/gcc-arm-none-eabi-10.3-2021.10/bin/../lib/gcc/arm-none-eabi/10.3.1/../../../../arm-none-eabi/lib/thumb/v7e-m/nofp/libc.a(lib_a-impure.o)
 .data.__atexit_recursive_mutex
                0x0000000020000450        0x4 /home/toki/stm32/gcc-arm-none-eabi-10.3-2021.10/bin/../lib/gcc/arm-none-eabi/10.3.1/../../../../arm-none-eabi/lib/thumb/v7e-m/nofp/libc.a(lib_a-__call_atexit.o)
                0x0000000020000450                __atexit_recursive_mutex
                0x0000000020000454                . = ALIGN (0x4)
                0x0000000020000454                _edata = .
                0x000000000800271c                _siccmram = LOADADDR (.ccmram)

.igot.plt       0x0000000020000454        0x0 load address 0x000000000800271c
 .igot.plt      0x0000000020000454        0x0 /home/toki/stm32/gcc-arm-none-eabi-10.3-2021.10/bin/../lib/gcc/arm-none-eabi/10.3.1/thumb/v7e-m/nofp/crtbegin.o

.ccmram         0x0000000010000000        0x0 load address 0x000000000800271c
                0x0000000010000000                . = ALIGN (0x4)
                0x0000000010000000                _sccmram = .
 *(.ccmram)
 *(.ccmram*)
                0x0000000010000000                . = ALIGN (0x4)
                0x0000000010000000                _eccmram = .
                0x0000000010000000                . = ALIGN (0x4)

.bss            0x0000000020000454       0x20
                0x0000000020000454                _sbss = .
                0x0000000020000454                __bss_start__ = _sbss
 *(.bss)
 .bss           0x0000000020000454       0x1c /home/toki/stm32/gcc-arm-none-eabi-10.3-2021.10/bin/../lib/gcc/arm-none-eabi/10.3.1/thumb/v7e-m/nofp/crtbegin.o
 *(.bss*)
 .bss.__lock___atexit_recursive_mutex
                0x0000000020000470        0x1 /home/toki/stm32/gcc-arm-none-eabi-10.3-2021.10/bin/../lib/gcc/arm-none-eabi/10.3.1/../../../../arm-none-eabi/lib/thumb/v7e-m/nofp/libc.a(lib_a-lock.o)
                0x0000000020000470                __lock___atexit_recursive_mutex
 *(COMMON)
                0x0000000020000474                . = ALIGN (0x4)
 *fill*         0x0000000020000471        0x3 
                0x0000000020000474                _ebss = .
                0x0000000020000474                __bss_end__ = _ebss

._user_heap_stack
                0x0000000020000474      0x604
                0x0000000020000478                . = ALIGN (0x8)
 *fill*         0x0000000020000474        0x4 
                [!provide]                        PROVIDE (end = .)
                [!provide]                        PROVIDE (_end = .)
                0x0000000020000678                . = (. + _Min_Heap_Size)
 *fill*         0x0000000020000478      0x200 
                0x0000000020000a78                . = (. + _Min_Stack_Size)
 *fill*         0x0000000020000678      0x400 
                0x0000000020000a78                . = ALIGN (0x8)

/DISCARD/
 libc.a(*)
 libm.a(*)
 libgcc.a(*)

.ARM.attributes
                0x0000000000000000       0x2a
 *(.ARM.attributes)
 .ARM.attributes
                0x0000000000000000       0x1e /home/toki/stm32/gcc-arm-none-eabi-10.3-2021.10/bin/../lib/gcc/arm-none-eabi/10.3.1/thumb/v7e-m/nofp/crti.o
 .ARM.attributes
                0x000000000000001e       0x2e /home/toki/stm32/gcc-arm-none-eabi-10.3-2021.10/bin/../lib/gcc/arm-none-eabi/10.3.1/thumb/v7e-m/nofp/crtbegin.o
 .ARM.attributes
                0x000000000000004c       0x2e out/main.o
 .ARM.attributes
                0x000000000000007a       0x21 out/startup_stm32f40_41xxx.o
 .ARM.attributes
                0x000000000000009b       0x2e out/stm32f4xx_gpio.o
 .ARM.attributes
                0x00000000000000c9       0x2e out/stm32f4xx_rcc.o
 .ARM.attributes
                0x00000000000000f7       0x2e out/stm32f4xx_usart.o
 .ARM.attributes
                0x0000000000000125       0x2e out/system_stm32f4xx.o
 .ARM.attributes
                0x0000000000000153       0x2e /home/toki/stm32/gcc-arm-none-eabi-10.3-2021.10/bin/../lib/gcc/arm-none-eabi/10.3.1/../../../../arm-none-eabi/lib/thumb/v7e-m/nofp/libc.a(lib_a-impure.o)
 .ARM.attributes
                0x0000000000000181       0x2e /home/toki/stm32/gcc-arm-none-eabi-10.3-2021.10/bin/../lib/gcc/arm-none-eabi/10.3.1/../../../../arm-none-eabi/lib/thumb/v7e-m/nofp/libc.a(lib_a-init.o)
 .ARM.attributes
                0x00000000000001af       0x1c /home/toki/stm32/gcc-arm-none-eabi-10.3-2021.10/bin/../lib/gcc/arm-none-eabi/10.3.1/../../../../arm-none-eabi/lib/thumb/v7e-m/nofp/libc.a(lib_a-strlen.o)
 .ARM.attributes
                0x00000000000001cb       0x2e /home/toki/stm32/gcc-arm-none-eabi-10.3-2021.10/bin/../lib/gcc/arm-none-eabi/10.3.1/../../../../arm-none-eabi/lib/thumb/v7e-m/nofp/libc.a(lib_a-__call_atexit.o)
 .ARM.attributes
                0x00000000000001f9       0x2e /home/toki/stm32/gcc-arm-none-eabi-10.3-2021.10/bin/../lib/gcc/arm-none-eabi/10.3.1/../../../../arm-none-eabi/lib/thumb/v7e-m/nofp/libc.a(lib_a-atexit.o)
 .ARM.attributes
                0x0000000000000227       0x2e /home/toki/stm32/gcc-arm-none-eabi-10.3-2021.10/bin/../lib/gcc/arm-none-eabi/10.3.1/../../../../arm-none-eabi/lib/thumb/v7e-m/nofp/libc.a(lib_a-fini.o)
 .ARM.attributes
                0x0000000000000255       0x2e /home/toki/stm32/gcc-arm-none-eabi-10.3-2021.10/bin/../lib/gcc/arm-none-eabi/10.3.1/../../../../arm-none-eabi/lib/thumb/v7e-m/nofp/libc.a(lib_a-lock.o)
 .ARM.attributes
                0x0000000000000283       0x2e /home/toki/stm32/gcc-arm-none-eabi-10.3-2021.10/bin/../lib/gcc/arm-none-eabi/10.3.1/../../../../arm-none-eabi/lib/thumb/v7e-m/nofp/libc.a(lib_a-__atexit.o)
 .ARM.attributes
                0x00000000000002b1       0x1e /home/toki/stm32/gcc-arm-none-eabi-10.3-2021.10/bin/../lib/gcc/arm-none-eabi/10.3.1/thumb/v7e-m/nofp/crtn.o
OUTPUT(out/mcu_shell.elf elf32-littlearm)
LOAD linker stubs
LOAD /home/toki/stm32/gcc-arm-none-eabi-10.3-2021.10/bin/../lib/gcc/arm-none-eabi/10.3.1/../../../../arm-none-eabi/lib/thumb/v7e-m/nofp/libc.a
LOAD /home/toki/stm32/gcc-arm-none-eabi-10.3-2021.10/bin/../lib/gcc/arm-none-eabi/10.3.1/../../../../arm-none-eabi/lib/thumb/v7e-m/nofp/libm.a
LOAD /home/toki/stm32/gcc-arm-none-eabi-10.3-2021.10/bin/../lib/gcc/arm-none-eabi/10.3.1/thumb/v7e-m/nofp/libgcc.a

.comment        0x0000000000000000       0x49
 .comment       0x0000000000000000       0x49 out/main.o
                                         0x4a (size before relaxing)
 .comment       0x0000000000000049       0x4a out/stm32f4xx_gpio.o
 .comment       0x0000000000000049       0x4a out/stm32f4xx_rcc.o
 .comment       0x0000000000000049       0x4a out/stm32f4xx_usart.o
 .comment       0x0000000000000049       0x4a out/system_stm32f4xx.o

.debug_frame    0x0000000000000000      0x1c0
 .debug_frame   0x0000000000000000       0x2c /home/toki/stm32/gcc-arm-none-eabi-10.3-2021.10/bin/../lib/gcc/arm-none-eabi/10.3.1/../../../../arm-none-eabi/lib/thumb/v7e-m/nofp/libc.a(lib_a-init.o)
 .debug_frame   0x000000000000002c       0x5c /home/toki/stm32/gcc-arm-none-eabi-10.3-2021.10/bin/../lib/gcc/arm-none-eabi/10.3.1/../../../../arm-none-eabi/lib/thumb/v7e-m/nofp/libc.a(lib_a-__call_atexit.o)
 .debug_frame   0x0000000000000088       0x20 /home/toki/stm32/gcc-arm-none-eabi-10.3-2021.10/bin/../lib/gcc/arm-none-eabi/10.3.1/../../../../arm-none-eabi/lib/thumb/v7e-m/nofp/libc.a(lib_a-atexit.o)
 .debug_frame   0x00000000000000a8       0x34 /home/toki/stm32/gcc-arm-none-eabi-10.3-2021.10/bin/../lib/gcc/arm-none-eabi/10.3.1/../../../../arm-none-eabi/lib/thumb/v7e-m/nofp/libc.a(lib_a-fini.o)
 .debug_frame   0x00000000000000dc       0xb0 /home/toki/stm32/gcc-arm-none-eabi-10.3-2021.10/bin/../lib/gcc/arm-none-eabi/10.3.1/../../../../arm-none-eabi/lib/thumb/v7e-m/nofp/libc.a(lib_a-lock.o)
 .debug_frame   0x000000000000018c       0x34 /home/toki/stm32/gcc-arm-none-eabi-10.3-2021.10/bin/../lib/gcc/arm-none-eabi/10.3.1/../../../../arm-none-eabi/lib/thumb/v7e-m/nofp/libc.a(lib_a-__atexit.o)

Cross Reference Table

Symbol                                            File
ADC_IRQHandler                                    out/startup_stm32f40_41xxx.o
AHBPrescTable                                     out/system_stm32f4xx.o
BusFault_Handler                                  out/startup_stm32f40_41xxx.o
CAN1_RX0_IRQHandler                               out/startup_stm32f40_41xxx.o
CAN1_RX1_IRQHandler                               out/startup_stm32f40_41xxx.o
CAN1_SCE_IRQHandler                               out/startup_stm32f40_41xxx.o
CAN1_TX_IRQHandler                                out/startup_stm32f40_41xxx.o
CAN2_RX0_IRQHandler                               out/startup_stm32f40_41xxx.o
CAN2_RX1_IRQHandler                               out/startup_stm32f40_41xxx.o
CAN2_SCE_IRQHandler                               out/startup_stm32f40_41xxx.o
CAN2_TX_IRQHandler                                out/startup_stm32f40_41xxx.o
CRYP_IRQHandler                                   out/startup_stm32f40_41xxx.o
DCMI_IRQHandler                                   out/startup_stm32f40_41xxx.o
DMA1_Stream0_IRQHandler                           out/startup_stm32f40_41xxx.o
DMA1_Stream1_IRQHandler                           out/startup_stm32f40_41xxx.o
DMA1_Stream2_IRQHandler                           out/startup_stm32f40_41xxx.o
DMA1_Stream3_IRQHandler                           out/startup_stm32f40_41xxx.o
DMA1_Stream4_IRQHandler                           out/startup_stm32f40_41xxx.o
DMA1_Stream5_IRQHandler                           out/startup_stm32f40_41xxx.o
DMA1_Stream6_IRQHandler                           out/startup_stm32f40_41xxx.o
DMA1_Stream7_IRQHandler                           out/startup_stm32f40_41xxx.o
DMA2_Stream0_IRQHandler                           out/startup_stm32f40_41xxx.o
DMA2_Stream1_IRQHandler                           out/startup_stm32f40_41xxx.o
DMA2_Stream2_IRQHandler                           out/startup_stm32f40_41xxx.o
DMA2_Stream3_IRQHandler                           out/startup_stm32f40_41xxx.o
DMA2_Stream4_IRQHandler                           out/startup_stm32f40_41xxx.o
DMA2_Stream5_IRQHandler                           out/startup_stm32f40_41xxx.o
DMA2_Stream6_IRQHandler                           out/startup_stm32f40_41xxx.o
DMA2_Stream7_IRQHandler                           out/startup_stm32f40_41xxx.o
DebugMon_Handler                                  out/startup_stm32f40_41xxx.o
Default_Handler                                   out/startup_stm32f40_41xxx.o
ETH_IRQHandler                                    out/startup_stm32f40_41xxx.o
ETH_WKUP_IRQHandler                               out/startup_stm32f40_41xxx.o
EXTI0_IRQHandler                                  out/startup_stm32f40_41xxx.o
EXTI15_10_IRQHandler                              out/startup_stm32f40_41xxx.o
EXTI1_IRQHandler                                  out/startup_stm32f40_41xxx.o
EXTI2_IRQHandler                                  out/startup_stm32f40_41xxx.o
EXTI3_IRQHandler                                  out/startup_stm32f40_41xxx.o
EXTI4_IRQHandler                                  out/startup_stm32f40_41xxx.o
EXTI9_5_IRQHandler                                out/startup_stm32f40_41xxx.o
FLASH_IRQHandler                                  out/startup_stm32f40_41xxx.o
FPU_IRQHandler                                    out/startup_stm32f40_41xxx.o
FSMC_IRQHandler                                   out/startup_stm32f40_41xxx.o
GPIO_DeInit                                       out/stm32f4xx_gpio.o
GPIO_Init                                         out/stm32f4xx_gpio.o
                                                  out/main.o
GPIO_PinAFConfig                                  out/stm32f4xx_gpio.o
                                                  out/main.o
GPIO_PinLockConfig                                out/stm32f4xx_gpio.o
GPIO_ReadInputData                                out/stm32f4xx_gpio.o
GPIO_ReadInputDataBit                             out/stm32f4xx_gpio.o
GPIO_ReadOutputData                               out/stm32f4xx_gpio.o
GPIO_ReadOutputDataBit                            out/stm32f4xx_gpio.o
GPIO_ResetBits                                    out/stm32f4xx_gpio.o
                                                  out/main.o
GPIO_SetBits                                      out/stm32f4xx_gpio.o
                                                  out/main.o
GPIO_StructInit                                   out/stm32f4xx_gpio.o
GPIO_ToggleBits                                   out/stm32f4xx_gpio.o
GPIO_Write                                        out/stm32f4xx_gpio.o
GPIO_WriteBit                                     out/stm32f4xx_gpio.o
HASH_RNG_IRQHandler                               out/startup_stm32f40_41xxx.o
HardFault_Handler                                 out/startup_stm32f40_41xxx.o
I2C1_ER_IRQHandler                                out/startup_stm32f40_41xxx.o
I2C1_EV_IRQHandler                                out/startup_stm32f40_41xxx.o
I2C2_ER_IRQHandler                                out/startup_stm32f40_41xxx.o
I2C2_EV_IRQHandler                                out/startup_stm32f40_41xxx.o
I2C3_ER_IRQHandler                                out/startup_stm32f40_41xxx.o
I2C3_EV_IRQHandler                                out/startup_stm32f40_41xxx.o
MemManage_Handler                                 out/startup_stm32f40_41xxx.o
NMI_Handler                                       out/startup_stm32f40_41xxx.o
OTG_FS_IRQHandler                                 out/startup_stm32f40_41xxx.o
OTG_FS_WKUP_IRQHandler                            out/startup_stm32f40_41xxx.o
OTG_HS_EP1_IN_IRQHandler                          out/startup_stm32f40_41xxx.o
OTG_HS_EP1_OUT_IRQHandler                         out/startup_stm32f40_41xxx.o
OTG_HS_IRQHandler                                 out/startup_stm32f40_41xxx.o
OTG_HS_WKUP_IRQHandler                            out/startup_stm32f40_41xxx.o
PVD_IRQHandler                                    out/startup_stm32f40_41xxx.o
PendSV_Handler                                    out/startup_stm32f40_41xxx.o
RCC_AHB1PeriphClockCmd                            out/stm32f4xx_rcc.o
                                                  out/main.o
RCC_AHB1PeriphClockLPModeCmd                      out/stm32f4xx_rcc.o
RCC_AHB1PeriphResetCmd                            out/stm32f4xx_rcc.o
                                                  out/stm32f4xx_gpio.o
RCC_AHB2PeriphClockCmd                            out/stm32f4xx_rcc.o
RCC_AHB2PeriphClockLPModeCmd                      out/stm32f4xx_rcc.o
RCC_AHB2PeriphResetCmd                            out/stm32f4xx_rcc.o
RCC_AHB3PeriphClockCmd                            out/stm32f4xx_rcc.o
RCC_AHB3PeriphClockLPModeCmd                      out/stm32f4xx_rcc.o
RCC_AHB3PeriphResetCmd                            out/stm32f4xx_rcc.o
RCC_APB1PeriphClockCmd                            out/stm32f4xx_rcc.o
RCC_APB1PeriphClockLPModeCmd                      out/stm32f4xx_rcc.o
RCC_APB1PeriphResetCmd                            out/stm32f4xx_rcc.o
                                                  out/stm32f4xx_usart.o
RCC_APB2PeriphClockCmd                            out/stm32f4xx_rcc.o
                                                  out/main.o
RCC_APB2PeriphClockLPModeCmd                      out/stm32f4xx_rcc.o
RCC_APB2PeriphResetCmd                            out/stm32f4xx_rcc.o
                                                  out/stm32f4xx_usart.o
RCC_AdjustHSICalibrationValue                     out/stm32f4xx_rcc.o
RCC_BackupResetCmd                                out/stm32f4xx_rcc.o
RCC_ClearFlag                                     out/stm32f4xx_rcc.o
RCC_ClearITPendingBit                             out/stm32f4xx_rcc.o
RCC_ClockSecuritySystemCmd                        out/stm32f4xx_rcc.o
RCC_DeInit                                        out/stm32f4xx_rcc.o
RCC_GetClocksFreq                                 out/stm32f4xx_rcc.o
                                                  out/stm32f4xx_usart.o
RCC_GetFlagStatus                                 out/stm32f4xx_rcc.o
RCC_GetITStatus                                   out/stm32f4xx_rcc.o
RCC_GetSYSCLKSource                               out/stm32f4xx_rcc.o
RCC_HCLKConfig                                    out/stm32f4xx_rcc.o
RCC_HSEConfig                                     out/stm32f4xx_rcc.o
RCC_HSICmd                                        out/stm32f4xx_rcc.o
RCC_I2SCLKConfig                                  out/stm32f4xx_rcc.o
RCC_IRQHandler                                    out/startup_stm32f40_41xxx.o
RCC_ITConfig                                      out/stm32f4xx_rcc.o
RCC_LSEConfig                                     out/stm32f4xx_rcc.o
RCC_LSEModeConfig                                 out/stm32f4xx_rcc.o
RCC_LSICmd                                        out/stm32f4xx_rcc.o
RCC_LTDCCLKDivConfig                              out/stm32f4xx_rcc.o
RCC_MCO1Config                                    out/stm32f4xx_rcc.o
RCC_MCO2Config                                    out/stm32f4xx_rcc.o
RCC_PCLK1Config                                   out/stm32f4xx_rcc.o
RCC_PCLK2Config                                   out/stm32f4xx_rcc.o
RCC_PLLCmd                                        out/stm32f4xx_rcc.o
RCC_PLLConfig                                     out/stm32f4xx_rcc.o
RCC_PLLI2SCmd                                     out/stm32f4xx_rcc.o
RCC_PLLI2SConfig                                  out/stm32f4xx_rcc.o
RCC_PLLSAICmd                                     out/stm32f4xx_rcc.o
RCC_PLLSAIConfig                                  out/stm32f4xx_rcc.o
RCC_RTCCLKCmd                                     out/stm32f4xx_rcc.o
RCC_RTCCLKConfig                                  out/stm32f4xx_rcc.o
RCC_SAIBlockACLKConfig                            out/stm32f4xx_rcc.o
RCC_SAIBlockBCLKConfig                            out/stm32f4xx_rcc.o
RCC_SAIPLLI2SClkDivConfig                         out/stm32f4xx_rcc.o
RCC_SAIPLLSAIClkDivConfig                         out/stm32f4xx_rcc.o
RCC_SYSCLKConfig                                  out/stm32f4xx_rcc.o
RCC_TIMCLKPresConfig                              out/stm32f4xx_rcc.o
RCC_WaitForHSEStartUp                             out/stm32f4xx_rcc.o
RTC_Alarm_IRQHandler                              out/startup_stm32f40_41xxx.o
RTC_WKUP_IRQHandler                               out/startup_stm32f40_41xxx.o
Reset_Handler                                     out/startup_stm32f40_41xxx.o
SDIO_IRQHandler                                   out/startup_stm32f40_41xxx.o
SPI1_IRQHandler                                   out/startup_stm32f40_41xxx.o
SPI2_IRQHandler                                   out/startup_stm32f40_41xxx.o
SPI3_IRQHandler                                   out/startup_stm32f40_41xxx.o
SVC_Handler                                       out/startup_stm32f40_41xxx.o
SysTick_Handler                                   out/startup_stm32f40_41xxx.o
SystemCoreClock                                   out/system_stm32f4xx.o
SystemCoreClockUpdate                             out/system_stm32f4xx.o
SystemInit                                        out/system_stm32f4xx.o
                                                  out/startup_stm32f40_41xxx.o
TAMP_STAMP_IRQHandler                             out/startup_stm32f40_41xxx.o
TIM1_BRK_TIM9_IRQHandler                          out/startup_stm32f40_41xxx.o
TIM1_CC_IRQHandler                                out/startup_stm32f40_41xxx.o
TIM1_TRG_COM_TIM11_IRQHandler                     out/startup_stm32f40_41xxx.o
TIM1_UP_TIM10_IRQHandler                          out/startup_stm32f40_41xxx.o
TIM2_IRQHandler                                   out/startup_stm32f40_41xxx.o
TIM3_IRQHandler                                   out/startup_stm32f40_41xxx.o
TIM4_IRQHandler                                   out/startup_stm32f40_41xxx.o
TIM5_IRQHandler                                   out/startup_stm32f40_41xxx.o
TIM6_DAC_IRQHandler                               out/startup_stm32f40_41xxx.o
TIM7_IRQHandler                                   out/startup_stm32f40_41xxx.o
TIM8_BRK_TIM12_IRQHandler                         out/startup_stm32f40_41xxx.o
TIM8_CC_IRQHandler                                out/startup_stm32f40_41xxx.o
TIM8_TRG_COM_TIM14_IRQHandler                     out/startup_stm32f40_41xxx.o
TIM8_UP_TIM13_IRQHandler                          out/startup_stm32f40_41xxx.o
UART4_IRQHandler                                  out/startup_stm32f40_41xxx.o
UART5_IRQHandler                                  out/startup_stm32f40_41xxx.o
USART1_IRQHandler                                 out/startup_stm32f40_41xxx.o
USART2_IRQHandler                                 out/startup_stm32f40_41xxx.o
USART3_IRQHandler                                 out/startup_stm32f40_41xxx.o
USART6_IRQHandler                                 out/startup_stm32f40_41xxx.o
USART_ClearFlag                                   out/stm32f4xx_usart.o
USART_ClearITPendingBit                           out/stm32f4xx_usart.o
USART_ClockInit                                   out/stm32f4xx_usart.o
USART_ClockStructInit                             out/stm32f4xx_usart.o
USART_Cmd                                         out/stm32f4xx_usart.o
                                                  out/main.o
USART_DMACmd                                      out/stm32f4xx_usart.o
USART_DeInit                                      out/stm32f4xx_usart.o
USART_GetFlagStatus                               out/stm32f4xx_usart.o
                                                  out/main.o
USART_GetITStatus                                 out/stm32f4xx_usart.o
USART_HalfDuplexCmd                               out/stm32f4xx_usart.o
USART_ITConfig                                    out/stm32f4xx_usart.o
USART_Init                                        out/stm32f4xx_usart.o
                                                  out/main.o
USART_IrDACmd                                     out/stm32f4xx_usart.o
USART_IrDAConfig                                  out/stm32f4xx_usart.o
USART_LINBreakDetectLengthConfig                  out/stm32f4xx_usart.o
USART_LINCmd                                      out/stm32f4xx_usart.o
USART_OneBitMethodCmd                             out/stm32f4xx_usart.o
USART_OverSampling8Cmd                            out/stm32f4xx_usart.o
USART_ReceiveData                                 out/stm32f4xx_usart.o
USART_ReceiverWakeUpCmd                           out/stm32f4xx_usart.o
USART_SendBreak                                   out/stm32f4xx_usart.o
USART_SendData                                    out/stm32f4xx_usart.o
                                                  out/main.o
USART_SetAddress                                  out/stm32f4xx_usart.o
USART_SetGuardTime                                out/stm32f4xx_usart.o
USART_SetPrescaler                                out/stm32f4xx_usart.o
USART_SmartCardCmd                                out/stm32f4xx_usart.o
USART_SmartCardNACKCmd                            out/stm32f4xx_usart.o
USART_StructInit                                  out/stm32f4xx_usart.o
                                                  out/main.o
USART_WakeUpConfig                                out/stm32f4xx_usart.o
UsageFault_Handler                                out/startup_stm32f40_41xxx.o
WWDG_IRQHandler                                   out/startup_stm32f40_41xxx.o
__atexit_recursive_mutex                          /home/toki/stm32/gcc-arm-none-eabi-10.3-2021.10/bin/../lib/gcc/arm-none-eabi/10.3.1/../../../../arm-none-eabi/lib/thumb/v7e-m/nofp/libc.a(lib_a-__call_atexit.o)
                                                  /home/toki/stm32/gcc-arm-none-eabi-10.3-2021.10/bin/../lib/gcc/arm-none-eabi/10.3.1/../../../../arm-none-eabi/lib/thumb/v7e-m/nofp/libc.a(lib_a-__atexit.o)
__bss_end__                                       /home/toki/stm32/gcc-arm-none-eabi-10.3-2021.10/bin/../lib/gcc/arm-none-eabi/10.3.1/../../../../arm-none-eabi/lib/thumb/v7e-m/nofp/crt0.o
__bss_start__                                     /home/toki/stm32/gcc-arm-none-eabi-10.3-2021.10/bin/../lib/gcc/arm-none-eabi/10.3.1/../../../../arm-none-eabi/lib/thumb/v7e-m/nofp/crt0.o
__call_exitprocs                                  /home/toki/stm32/gcc-arm-none-eabi-10.3-2021.10/bin/../lib/gcc/arm-none-eabi/10.3.1/../../../../arm-none-eabi/lib/thumb/v7e-m/nofp/libc.a(lib_a-__call_atexit.o)
                                                  /home/toki/stm32/gcc-arm-none-eabi-10.3-2021.10/bin/../lib/gcc/arm-none-eabi/10.3.1/../../../../arm-none-eabi/lib/thumb/v7e-m/nofp/libc.a(lib_a-exit.o)
__deregister_frame_info                           /home/toki/stm32/gcc-arm-none-eabi-10.3-2021.10/bin/../lib/gcc/arm-none-eabi/10.3.1/thumb/v7e-m/nofp/crtbegin.o
__dso_handle                                      /home/toki/stm32/gcc-arm-none-eabi-10.3-2021.10/bin/../lib/gcc/arm-none-eabi/10.3.1/thumb/v7e-m/nofp/crtbegin.o
__fini_array_end                                  /home/toki/stm32/gcc-arm-none-eabi-10.3-2021.10/bin/../lib/gcc/arm-none-eabi/10.3.1/../../../../arm-none-eabi/lib/thumb/v7e-m/nofp/libc.a(lib_a-fini.o)
__fini_array_start                                /home/toki/stm32/gcc-arm-none-eabi-10.3-2021.10/bin/../lib/gcc/arm-none-eabi/10.3.1/../../../../arm-none-eabi/lib/thumb/v7e-m/nofp/libc.a(lib_a-fini.o)
__init_array_end                                  /home/toki/stm32/gcc-arm-none-eabi-10.3-2021.10/bin/../lib/gcc/arm-none-eabi/10.3.1/../../../../arm-none-eabi/lib/thumb/v7e-m/nofp/libc.a(lib_a-init.o)
__init_array_start                                /home/toki/stm32/gcc-arm-none-eabi-10.3-2021.10/bin/../lib/gcc/arm-none-eabi/10.3.1/../../../../arm-none-eabi/lib/thumb/v7e-m/nofp/libc.a(lib_a-init.o)
__libc_fini                                       /home/toki/stm32/gcc-arm-none-eabi-10.3-2021.10/bin/../lib/gcc/arm-none-eabi/10.3.1/../../../../arm-none-eabi/lib/thumb/v7e-m/nofp/libc.a(lib_a-__call_atexit.o)
__libc_fini_array                                 /home/toki/stm32/gcc-arm-none-eabi-10.3-2021.10/bin/../lib/gcc/arm-none-eabi/10.3.1/../../../../arm-none-eabi/lib/thumb/v7e-m/nofp/libc.a(lib_a-fini.o)
                                                  /home/toki/stm32/gcc-arm-none-eabi-10.3-2021.10/bin/../lib/gcc/arm-none-eabi/10.3.1/../../../../arm-none-eabi/lib/thumb/v7e-m/nofp/libc.a(lib_a-__call_atexit.o)
                                                  /home/toki/stm32/gcc-arm-none-eabi-10.3-2021.10/bin/../lib/gcc/arm-none-eabi/10.3.1/../../../../arm-none-eabi/lib/thumb/v7e-m/nofp/crt0.o
__libc_init_array                                 /home/toki/stm32/gcc-arm-none-eabi-10.3-2021.10/bin/../lib/gcc/arm-none-eabi/10.3.1/../../../../arm-none-eabi/lib/thumb/v7e-m/nofp/libc.a(lib_a-init.o)
                                                  out/startup_stm32f40_41xxx.o
                                                  /home/toki/stm32/gcc-arm-none-eabi-10.3-2021.10/bin/../lib/gcc/arm-none-eabi/10.3.1/../../../../arm-none-eabi/lib/thumb/v7e-m/nofp/crt0.o
__lock___arc4random_mutex                         /home/toki/stm32/gcc-arm-none-eabi-10.3-2021.10/bin/../lib/gcc/arm-none-eabi/10.3.1/../../../../arm-none-eabi/lib/thumb/v7e-m/nofp/libc.a(lib_a-lock.o)
__lock___at_quick_exit_mutex                      /home/toki/stm32/gcc-arm-none-eabi-10.3-2021.10/bin/../lib/gcc/arm-none-eabi/10.3.1/../../../../arm-none-eabi/lib/thumb/v7e-m/nofp/libc.a(lib_a-lock.o)
__lock___atexit_recursive_mutex                   /home/toki/stm32/gcc-arm-none-eabi-10.3-2021.10/bin/../lib/gcc/arm-none-eabi/10.3.1/../../../../arm-none-eabi/lib/thumb/v7e-m/nofp/libc.a(lib_a-lock.o)
                                                  /home/toki/stm32/gcc-arm-none-eabi-10.3-2021.10/bin/../lib/gcc/arm-none-eabi/10.3.1/../../../../arm-none-eabi/lib/thumb/v7e-m/nofp/libc.a(lib_a-__call_atexit.o)
__lock___dd_hash_mutex                            /home/toki/stm32/gcc-arm-none-eabi-10.3-2021.10/bin/../lib/gcc/arm-none-eabi/10.3.1/../../../../arm-none-eabi/lib/thumb/v7e-m/nofp/libc.a(lib_a-lock.o)
__lock___env_recursive_mutex                      /home/toki/stm32/gcc-arm-none-eabi-10.3-2021.10/bin/../lib/gcc/arm-none-eabi/10.3.1/../../../../arm-none-eabi/lib/thumb/v7e-m/nofp/libc.a(lib_a-lock.o)
__lock___malloc_recursive_mutex                   /home/toki/stm32/gcc-arm-none-eabi-10.3-2021.10/bin/../lib/gcc/arm-none-eabi/10.3.1/../../../../arm-none-eabi/lib/thumb/v7e-m/nofp/libc.a(lib_a-lock.o)
__lock___sfp_recursive_mutex                      /home/toki/stm32/gcc-arm-none-eabi-10.3-2021.10/bin/../lib/gcc/arm-none-eabi/10.3.1/../../../../arm-none-eabi/lib/thumb/v7e-m/nofp/libc.a(lib_a-lock.o)
__lock___sinit_recursive_mutex                    /home/toki/stm32/gcc-arm-none-eabi-10.3-2021.10/bin/../lib/gcc/arm-none-eabi/10.3.1/../../../../arm-none-eabi/lib/thumb/v7e-m/nofp/libc.a(lib_a-lock.o)
__lock___tz_mutex                                 /home/toki/stm32/gcc-arm-none-eabi-10.3-2021.10/bin/../lib/gcc/arm-none-eabi/10.3.1/../../../../arm-none-eabi/lib/thumb/v7e-m/nofp/libc.a(lib_a-lock.o)
__preinit_array_end                               /home/toki/stm32/gcc-arm-none-eabi-10.3-2021.10/bin/../lib/gcc/arm-none-eabi/10.3.1/../../../../arm-none-eabi/lib/thumb/v7e-m/nofp/libc.a(lib_a-init.o)
__preinit_array_start                             /home/toki/stm32/gcc-arm-none-eabi-10.3-2021.10/bin/../lib/gcc/arm-none-eabi/10.3.1/../../../../arm-none-eabi/lib/thumb/v7e-m/nofp/libc.a(lib_a-init.o)
__register_exitproc                               /home/toki/stm32/gcc-arm-none-eabi-10.3-2021.10/bin/../lib/gcc/arm-none-eabi/10.3.1/../../../../arm-none-eabi/lib/thumb/v7e-m/nofp/libc.a(lib_a-__atexit.o)
                                                  /home/toki/stm32/gcc-arm-none-eabi-10.3-2021.10/bin/../lib/gcc/arm-none-eabi/10.3.1/../../../../arm-none-eabi/lib/thumb/v7e-m/nofp/libc.a(lib_a-atexit.o)
__register_frame_info                             /home/toki/stm32/gcc-arm-none-eabi-10.3-2021.10/bin/../lib/gcc/arm-none-eabi/10.3.1/thumb/v7e-m/nofp/crtbegin.o
__retarget_lock_acquire                           /home/toki/stm32/gcc-arm-none-eabi-10.3-2021.10/bin/../lib/gcc/arm-none-eabi/10.3.1/../../../../arm-none-eabi/lib/thumb/v7e-m/nofp/libc.a(lib_a-lock.o)
__retarget_lock_acquire_recursive                 /home/toki/stm32/gcc-arm-none-eabi-10.3-2021.10/bin/../lib/gcc/arm-none-eabi/10.3.1/../../../../arm-none-eabi/lib/thumb/v7e-m/nofp/libc.a(lib_a-lock.o)
                                                  /home/toki/stm32/gcc-arm-none-eabi-10.3-2021.10/bin/../lib/gcc/arm-none-eabi/10.3.1/../../../../arm-none-eabi/lib/thumb/v7e-m/nofp/libc.a(lib_a-__atexit.o)
                                                  /home/toki/stm32/gcc-arm-none-eabi-10.3-2021.10/bin/../lib/gcc/arm-none-eabi/10.3.1/../../../../arm-none-eabi/lib/thumb/v7e-m/nofp/libc.a(lib_a-__call_atexit.o)
__retarget_lock_close                             /home/toki/stm32/gcc-arm-none-eabi-10.3-2021.10/bin/../lib/gcc/arm-none-eabi/10.3.1/../../../../arm-none-eabi/lib/thumb/v7e-m/nofp/libc.a(lib_a-lock.o)
__retarget_lock_close_recursive                   /home/toki/stm32/gcc-arm-none-eabi-10.3-2021.10/bin/../lib/gcc/arm-none-eabi/10.3.1/../../../../arm-none-eabi/lib/thumb/v7e-m/nofp/libc.a(lib_a-lock.o)
__retarget_lock_init                              /home/toki/stm32/gcc-arm-none-eabi-10.3-2021.10/bin/../lib/gcc/arm-none-eabi/10.3.1/../../../../arm-none-eabi/lib/thumb/v7e-m/nofp/libc.a(lib_a-lock.o)
__retarget_lock_init_recursive                    /home/toki/stm32/gcc-arm-none-eabi-10.3-2021.10/bin/../lib/gcc/arm-none-eabi/10.3.1/../../../../arm-none-eabi/lib/thumb/v7e-m/nofp/libc.a(lib_a-lock.o)
__retarget_lock_release                           /home/toki/stm32/gcc-arm-none-eabi-10.3-2021.10/bin/../lib/gcc/arm-none-eabi/10.3.1/../../../../arm-none-eabi/lib/thumb/v7e-m/nofp/libc.a(lib_a-lock.o)
__retarget_lock_release_recursive                 /home/toki/stm32/gcc-arm-none-eabi-10.3-2021.10/bin/../lib/gcc/arm-none-eabi/10.3.1/../../../../arm-none-eabi/lib/thumb/v7e-m/nofp/libc.a(lib_a-lock.o)
                                                  /home/toki/stm32/gcc-arm-none-eabi-10.3-2021.10/bin/../lib/gcc/arm-none-eabi/10.3.1/../../../../arm-none-eabi/lib/thumb/v7e-m/nofp/libc.a(lib_a-__atexit.o)
                                                  /home/toki/stm32/gcc-arm-none-eabi-10.3-2021.10/bin/../lib/gcc/arm-none-eabi/10.3.1/../../../../arm-none-eabi/lib/thumb/v7e-m/nofp/libc.a(lib_a-__call_atexit.o)
__retarget_lock_try_acquire                       /home/toki/stm32/gcc-arm-none-eabi-10.3-2021.10/bin/../lib/gcc/arm-none-eabi/10.3.1/../../../../arm-none-eabi/lib/thumb/v7e-m/nofp/libc.a(lib_a-lock.o)
__retarget_lock_try_acquire_recursive             /home/toki/stm32/gcc-arm-none-eabi-10.3-2021.10/bin/../lib/gcc/arm-none-eabi/10.3.1/../../../../arm-none-eabi/lib/thumb/v7e-m/nofp/libc.a(lib_a-lock.o)
__stack                                           /home/toki/stm32/gcc-arm-none-eabi-10.3-2021.10/bin/../lib/gcc/arm-none-eabi/10.3.1/../../../../arm-none-eabi/lib/thumb/v7e-m/nofp/crt0.o
_ebss                                             out/startup_stm32f40_41xxx.o
_edata                                            out/startup_stm32f40_41xxx.o
_estack                                           out/startup_stm32f40_41xxx.o
_exit                                             /home/toki/stm32/gcc-arm-none-eabi-10.3-2021.10/bin/../lib/gcc/arm-none-eabi/10.3.1/../../../../arm-none-eabi/lib/thumb/v7e-m/nofp/libnosys.a(_exit.o)
                                                  /home/toki/stm32/gcc-arm-none-eabi-10.3-2021.10/bin/../lib/gcc/arm-none-eabi/10.3.1/../../../../arm-none-eabi/lib/thumb/v7e-m/nofp/libc.a(lib_a-exit.o)
_fini                                             /home/toki/stm32/gcc-arm-none-eabi-10.3-2021.10/bin/../lib/gcc/arm-none-eabi/10.3.1/thumb/v7e-m/nofp/crti.o
                                                  /home/toki/stm32/gcc-arm-none-eabi-10.3-2021.10/bin/../lib/gcc/arm-none-eabi/10.3.1/../../../../arm-none-eabi/lib/thumb/v7e-m/nofp/libc.a(lib_a-fini.o)
_global_impure_ptr                                /home/toki/stm32/gcc-arm-none-eabi-10.3-2021.10/bin/../lib/gcc/arm-none-eabi/10.3.1/../../../../arm-none-eabi/lib/thumb/v7e-m/nofp/libc.a(lib_a-impure.o)
                                                  /home/toki/stm32/gcc-arm-none-eabi-10.3-2021.10/bin/../lib/gcc/arm-none-eabi/10.3.1/../../../../arm-none-eabi/lib/thumb/v7e-m/nofp/libc.a(lib_a-__atexit.o)
                                                  /home/toki/stm32/gcc-arm-none-eabi-10.3-2021.10/bin/../lib/gcc/arm-none-eabi/10.3.1/../../../../arm-none-eabi/lib/thumb/v7e-m/nofp/libc.a(lib_a-__call_atexit.o)
                                                  /home/toki/stm32/gcc-arm-none-eabi-10.3-2021.10/bin/../lib/gcc/arm-none-eabi/10.3.1/../../../../arm-none-eabi/lib/thumb/v7e-m/nofp/libc.a(lib_a-exit.o)
_impure_ptr                                       /home/toki/stm32/gcc-arm-none-eabi-10.3-2021.10/bin/../lib/gcc/arm-none-eabi/10.3.1/../../../../arm-none-eabi/lib/thumb/v7e-m/nofp/libc.a(lib_a-impure.o)
_init                                             /home/toki/stm32/gcc-arm-none-eabi-10.3-2021.10/bin/../lib/gcc/arm-none-eabi/10.3.1/thumb/v7e-m/nofp/crti.o
                                                  /home/toki/stm32/gcc-arm-none-eabi-10.3-2021.10/bin/../lib/gcc/arm-none-eabi/10.3.1/../../../../arm-none-eabi/lib/thumb/v7e-m/nofp/libc.a(lib_a-init.o)
_mainCRTStartup                                   /home/toki/stm32/gcc-arm-none-eabi-10.3-2021.10/bin/../lib/gcc/arm-none-eabi/10.3.1/../../../../arm-none-eabi/lib/thumb/v7e-m/nofp/crt0.o
_sbss                                             out/startup_stm32f40_41xxx.o
_sdata                                            out/startup_stm32f40_41xxx.o
_sidata                                           out/startup_stm32f40_41xxx.o
_stack_init                                       /home/toki/stm32/gcc-arm-none-eabi-10.3-2021.10/bin/../lib/gcc/arm-none-eabi/10.3.1/../../../../arm-none-eabi/lib/thumb/v7e-m/nofp/crt0.o
_start                                            /home/toki/stm32/gcc-arm-none-eabi-10.3-2021.10/bin/../lib/gcc/arm-none-eabi/10.3.1/../../../../arm-none-eabi/lib/thumb/v7e-m/nofp/crt0.o
atexit                                            /home/toki/stm32/gcc-arm-none-eabi-10.3-2021.10/bin/../lib/gcc/arm-none-eabi/10.3.1/../../../../arm-none-eabi/lib/thumb/v7e-m/nofp/libc.a(lib_a-atexit.o)
                                                  /home/toki/stm32/gcc-arm-none-eabi-10.3-2021.10/bin/../lib/gcc/arm-none-eabi/10.3.1/../../../../arm-none-eabi/lib/thumb/v7e-m/nofp/libc.a(lib_a-__call_atexit.o)
                                                  /home/toki/stm32/gcc-arm-none-eabi-10.3-2021.10/bin/../lib/gcc/arm-none-eabi/10.3.1/../../../../arm-none-eabi/lib/thumb/v7e-m/nofp/crt0.o
delay_ms                                          out/main.o
exit                                              /home/toki/stm32/gcc-arm-none-eabi-10.3-2021.10/bin/../lib/gcc/arm-none-eabi/10.3.1/../../../../arm-none-eabi/lib/thumb/v7e-m/nofp/libc.a(lib_a-exit.o)
                                                  /home/toki/stm32/gcc-arm-none-eabi-10.3-2021.10/bin/../lib/gcc/arm-none-eabi/10.3.1/../../../../arm-none-eabi/lib/thumb/v7e-m/nofp/crt0.o
g_pfnVectors                                      out/startup_stm32f40_41xxx.o
hardware_init_hook                                /home/toki/stm32/gcc-arm-none-eabi-10.3-2021.10/bin/../lib/gcc/arm-none-eabi/10.3.1/../../../../arm-none-eabi/lib/thumb/v7e-m/nofp/crt0.o
main                                              out/main.o
                                                  out/startup_stm32f40_41xxx.o
                                                  /home/toki/stm32/gcc-arm-none-eabi-10.3-2021.10/bin/../lib/gcc/arm-none-eabi/10.3.1/../../../../arm-none-eabi/lib/thumb/v7e-m/nofp/crt0.o
memset                                            /home/toki/stm32/gcc-arm-none-eabi-10.3-2021.10/bin/../lib/gcc/arm-none-eabi/10.3.1/../../../../arm-none-eabi/lib/thumb/v7e-m/nofp/libc.a(lib_a-memset.o)
                                                  /home/toki/stm32/gcc-arm-none-eabi-10.3-2021.10/bin/../lib/gcc/arm-none-eabi/10.3.1/../../../../arm-none-eabi/lib/thumb/v7e-m/nofp/crt0.o
software_init_hook                                /home/toki/stm32/gcc-arm-none-eabi-10.3-2021.10/bin/../lib/gcc/arm-none-eabi/10.3.1/../../../../arm-none-eabi/lib/thumb/v7e-m/nofp/crt0.o
strlen                                            /home/toki/stm32/gcc-arm-none-eabi-10.3-2021.10/bin/../lib/gcc/arm-none-eabi/10.3.1/../../../../arm-none-eabi/lib/thumb/v7e-m/nofp/libc.a(lib_a-strlen.o)
                                                  out/main.o
system_start                                      out/main.o
usart1_init                                       out/main.o
usart1_sendstr                                    out/main.o
